MinIO not available, using local filesystem storage: HTTPConnectionPool(host='localhost', port=9000): Max retries exceeded with url: / (Caused by NewConnectionError("HTTPConnection(host='localhost', port=9000): Failed to establish a new connection: [WinError 10061] No connection could be made because the target machine actively refused it"))
INFO:     Started server process [23316]
INFO:     Waiting for application startup.
INFO:app.main:MinIO buckets ensured
INFO:     Application startup complete.
INFO:     Uvicorn running on http://0.0.0.0:8000 (Press CTRL+C to quit)
ERROR:app.video.processor:Processing failed for video 1: Traceback (most recent call last):
  File "D:\Github\Generative-Ai\AI Forensic Investigation System\ai-forensic-investigation\backend\app\video\processor.py", line 54, in process_video_job
    result = run_pipeline(local_video_path, video_id, job_id, f"video_{video_id}")
             ^^^^^^^^^^^^^^^^^^^^^^^^^^^^^^^^^^^^^^^^^^^^^^^^^^^^^^^^^^^^^^^^^^^^^
  File "D:\Github\Generative-Ai\AI Forensic Investigation System\ai-forensic-investigation\backend\app\video\pipeline.py", line 40, in run_pipeline
    metadata = ffprobe_metadata(video_path)
               ^^^^^^^^^^^^^^^^^^^^^^^^^^^^
  File "D:\Github\Generative-Ai\AI Forensic Investigation System\ai-forensic-investigation\backend\app\video\ffmpeg_utils.py", line 31, in ffprobe_metadata
    result = subprocess.run(cmd, capture_output=True, text=True, check=True)
             ^^^^^^^^^^^^^^^^^^^^^^^^^^^^^^^^^^^^^^^^^^^^^^^^^^^^^^^^^^^^^^^
  File "C:\Users\Lakha\AppData\Local\Programs\Python\Python311\Lib\subprocess.py", line 548, in run
    with Popen(*popenargs, **kwargs) as process:
         ^^^^^^^^^^^^^^^^^^^^^^^^^^^
  File "C:\Users\Lakha\AppData\Local\Programs\Python\Python311\Lib\subprocess.py", line 1026, in __init__
    self._execute_child(args, executable, preexec_fn, close_fds,
  File "C:\Users\Lakha\AppData\Local\Programs\Python\Python311\Lib\subprocess.py", line 1538, in _execute_child
    hp, ht, pid, tid = _winapi.CreateProcess(executable, args,
                       ^^^^^^^^^^^^^^^^^^^^^^^^^^^^^^^^^^^^^^^
FileNotFoundError: [WinError 2] The system cannot find the file specified

ERROR:app.video.processor:Processing failed for video 2: Traceback (most recent call last):
  File "D:\Github\Generative-Ai\AI Forensic Investigation System\ai-forensic-investigation\backend\app\video\processor.py", line 54, in process_video_job
    result = run_pipeline(local_video_path, video_id, job_id, f"video_{video_id}")
             ^^^^^^^^^^^^^^^^^^^^^^^^^^^^^^^^^^^^^^^^^^^^^^^^^^^^^^^^^^^^^^^^^^^^^
  File "D:\Github\Generative-Ai\AI Forensic Investigation System\ai-forensic-investigation\backend\app\video\pipeline.py", line 40, in run_pipeline
    metadata = ffprobe_metadata(video_path)
               ^^^^^^^^^^^^^^^^^^^^^^^^^^^^
  File "D:\Github\Generative-Ai\AI Forensic Investigation System\ai-forensic-investigation\backend\app\video\ffmpeg_utils.py", line 31, in ffprobe_metadata
    result = subprocess.run(cmd, capture_output=True, text=True, check=True)
             ^^^^^^^^^^^^^^^^^^^^^^^^^^^^^^^^^^^^^^^^^^^^^^^^^^^^^^^^^^^^^^^
  File "C:\Users\Lakha\AppData\Local\Programs\Python\Python311\Lib\subprocess.py", line 548, in run
    with Popen(*popenargs, **kwargs) as process:
         ^^^^^^^^^^^^^^^^^^^^^^^^^^^
  File "C:\Users\Lakha\AppData\Local\Programs\Python\Python311\Lib\subprocess.py", line 1026, in __init__
    self._execute_child(args, executable, preexec_fn, close_fds,
  File "C:\Users\Lakha\AppData\Local\Programs\Python\Python311\Lib\subprocess.py", line 1538, in _execute_child
    hp, ht, pid, tid = _winapi.CreateProcess(executable, args,
                       ^^^^^^^^^^^^^^^^^^^^^^^^^^^^^^^^^^^^^^^
FileNotFoundError: [WinError 2] The system cannot find the file specified

ERROR:app.video.processor:Processing failed for video 3: Traceback (most recent call last):
  File "D:\Github\Generative-Ai\AI Forensic Investigation System\ai-forensic-investigation\backend\app\video\processor.py", line 54, in process_video_job
    result = run_pipeline(local_video_path, video_id, job_id, f"video_{video_id}")
             ^^^^^^^^^^^^^^^^^^^^^^^^^^^^^^^^^^^^^^^^^^^^^^^^^^^^^^^^^^^^^^^^^^^^^
  File "D:\Github\Generative-Ai\AI Forensic Investigation System\ai-forensic-investigation\backend\app\video\pipeline.py", line 40, in run_pipeline
    metadata = ffprobe_metadata(video_path)
               ^^^^^^^^^^^^^^^^^^^^^^^^^^^^
  File "D:\Github\Generative-Ai\AI Forensic Investigation System\ai-forensic-investigation\backend\app\video\ffmpeg_utils.py", line 31, in ffprobe_metadata
    result = subprocess.run(cmd, capture_output=True, text=True, check=True)
             ^^^^^^^^^^^^^^^^^^^^^^^^^^^^^^^^^^^^^^^^^^^^^^^^^^^^^^^^^^^^^^^
  File "C:\Users\Lakha\AppData\Local\Programs\Python\Python311\Lib\subprocess.py", line 548, in run
    with Popen(*popenargs, **kwargs) as process:
         ^^^^^^^^^^^^^^^^^^^^^^^^^^^
  File "C:\Users\Lakha\AppData\Local\Programs\Python\Python311\Lib\subprocess.py", line 1026, in __init__
    self._execute_child(args, executable, preexec_fn, close_fds,
  File "C:\Users\Lakha\AppData\Local\Programs\Python\Python311\Lib\subprocess.py", line 1538, in _execute_child
    hp, ht, pid, tid = _winapi.CreateProcess(executable, args,
                       ^^^^^^^^^^^^^^^^^^^^^^^^^^^^^^^^^^^^^^^
FileNotFoundError: [WinError 2] The system cannot find the file specified

ERROR:app.video.processor:Processing failed for video 4: Traceback (most recent call last):
  File "D:\Github\Generative-Ai\AI Forensic Investigation System\ai-forensic-investigation\backend\app\video\processor.py", line 54, in process_video_job
    result = run_pipeline(local_video_path, video_id, job_id, f"video_{video_id}")
             ^^^^^^^^^^^^^^^^^^^^^^^^^^^^^^^^^^^^^^^^^^^^^^^^^^^^^^^^^^^^^^^^^^^^^
  File "D:\Github\Generative-Ai\AI Forensic Investigation System\ai-forensic-investigation\backend\app\video\pipeline.py", line 40, in run_pipeline
    metadata = ffprobe_metadata(video_path)
               ^^^^^^^^^^^^^^^^^^^^^^^^^^^^
  File "D:\Github\Generative-Ai\AI Forensic Investigation System\ai-forensic-investigation\backend\app\video\ffmpeg_utils.py", line 31, in ffprobe_metadata
    result = subprocess.run(cmd, capture_output=True, text=True, check=True)
             ^^^^^^^^^^^^^^^^^^^^^^^^^^^^^^^^^^^^^^^^^^^^^^^^^^^^^^^^^^^^^^^
  File "C:\Users\Lakha\AppData\Local\Programs\Python\Python311\Lib\subprocess.py", line 548, in run
    with Popen(*popenargs, **kwargs) as process:
         ^^^^^^^^^^^^^^^^^^^^^^^^^^^
  File "C:\Users\Lakha\AppData\Local\Programs\Python\Python311\Lib\subprocess.py", line 1026, in __init__
    self._execute_child(args, executable, preexec_fn, close_fds,
  File "C:\Users\Lakha\AppData\Local\Programs\Python\Python311\Lib\subprocess.py", line 1538, in _execute_child
    hp, ht, pid, tid = _winapi.CreateProcess(executable, args,
                       ^^^^^^^^^^^^^^^^^^^^^^^^^^^^^^^^^^^^^^^
FileNotFoundError: [WinError 2] The system cannot find the file specified

INFO:app.detection.engine:Loaded YOLO model path=yolov8n.pt device=cpu imgsz=640 classes=80 (load 31 ms)
INFO:app.live.manager:Detection pipeline started camera=6 transport=simulation
INFO:     connection rejected (400 Bad Request)
INFO:     connection closed
INFO:     connection rejected (400 Bad Request)
INFO:     connection closed
