INFO:     Started server process [13440]
INFO:     Waiting for application startup.
WARNING:app.main:SECRET_KEY is set to a known development default. Generate a strong random secret (python -c "import secrets; print(secrets.token_urlsafe(64))") and set SECRET_KEY before any non-demo deployment.
INFO:app.main:MinIO buckets ensured
INFO:     Application startup complete.
INFO:     Uvicorn running on http://0.0.0.0:8000 (Press CTRL+C to quit)
INFO:httpx:HTTP Request: GET http://localhost:6333/collections "HTTP/1.1 200 OK"
INFO:httpx:HTTP Request: GET http://localhost:6333/collections "HTTP/1.1 200 OK"
INFO:httpx:HTTP Request: GET http://localhost:6333/collections "HTTP/1.1 200 OK"
INFO:httpx:HTTP Request: GET http://localhost:6333/collections "HTTP/1.1 200 OK"
INFO:httpx:HTTP Request: GET http://localhost:6333/collections "HTTP/1.1 200 OK"
INFO:httpx:HTTP Request: GET http://localhost:6333/collections "HTTP/1.1 200 OK"
INFO:httpx:HTTP Request: GET http://localhost:6333/collections "HTTP/1.1 200 OK"
INFO:app.live.video_feeder:Video file feeder started camera=1 file=D:\Github\Generative-Ai\AI Forensic Investigation System\ai-forensic-investigation\backend\data\demo_investigation\videos\demo_video_01_parking_cars.mp4
INFO:app.detection.engine:Loaded YOLO model path=yolov8n.pt device=cpu imgsz=640 classes=80 (load 78 ms)
INFO:app.live.manager:Tracking pipeline started camera=1
INFO:app.vlm.session:VLM session started camera=1
INFO:app.live.manager:VLM session started camera=1
INFO:app.live.manager:Evidence capture started camera=1
INFO:app.live.manager:Detection pipeline started camera=1 transport=file
WARNING:app.detection.worker:Detection inference error camera=1 frame=1: Inference failed: DLL load failed while importing index: An Application Control policy has blocked this file.
WARNING:app.live.manager:Detection worker error (camera=1): Inference failed: DLL load failed while importing index: An Application Control policy has blocked this file.
INFO:app.live.video_feeder:Video file feeder reached EOF camera=1
INFO:app.live.video_feeder:Video file feeder started camera=1 file=D:\Github\Generative-Ai\AI Forensic Investigation System\ai-forensic-investigation\backend\data\demo_investigation\videos\demo_video_01_parking_cars.mp4
INFO:app.live.manager:Tracking pipeline started camera=1
INFO:app.vlm.session:VLM session started camera=1
INFO:app.live.manager:VLM session started camera=1
INFO:app.live.manager:Evidence capture started camera=1
INFO:app.live.manager:Detection pipeline started camera=1 transport=file
INFO:app.live.video_feeder:Video file feeder stopped camera=1
INFO:httpx:HTTP Request: GET http://localhost:6333/collections "HTTP/1.1 200 OK"
INFO:httpx:HTTP Request: GET http://localhost:6333/collections "HTTP/1.1 200 OK"
INFO:httpx:HTTP Request: PUT http://localhost:6333/collections/video_evidence/points?wait=true "HTTP/1.1 200 OK"
INFO:httpx:HTTP Request: GET http://localhost:6333/collections "HTTP/1.1 200 OK"
INFO:httpx:HTTP Request: GET http://localhost:6333/collections "HTTP/1.1 200 OK"
INFO:httpx:HTTP Request: PUT http://localhost:6333/collections/video_evidence/points?wait=true "HTTP/1.1 200 OK"
INFO:httpx:HTTP Request: GET http://localhost:6333/collections "HTTP/1.1 200 OK"
INFO:httpx:HTTP Request: GET http://localhost:6333/collections "HTTP/1.1 200 OK"
INFO:httpx:HTTP Request: PUT http://localhost:6333/collections/video_evidence/points?wait=true "HTTP/1.1 200 OK"
INFO:httpx:HTTP Request: GET http://localhost:6333/collections "HTTP/1.1 200 OK"
INFO:httpx:HTTP Request: GET http://localhost:6333/collections "HTTP/1.1 200 OK"
INFO:httpx:HTTP Request: PUT http://localhost:6333/collections/video_evidence/points?wait=true "HTTP/1.1 200 OK"
INFO:app.live.video_feeder:Video file feeder started camera=1 file=D:\Github\Generative-Ai\AI Forensic Investigation System\ai-forensic-investigation\backend\data\demo_investigation\videos\demo_video_01_parking_cars.mp4
INFO:app.live.manager:Tracking pipeline started camera=1
INFO:app.vlm.session:VLM session started camera=1
INFO:app.live.manager:VLM session started camera=1
INFO:app.live.manager:Evidence capture started camera=1
INFO:app.live.manager:Detection pipeline started camera=1 transport=file
INFO:app.live.video_feeder:Video file feeder stopped camera=1
INFO:httpx:HTTP Request: GET http://localhost:6333/collections "HTTP/1.1 200 OK"
INFO:httpx:HTTP Request: GET http://localhost:6333/collections "HTTP/1.1 200 OK"
INFO:httpx:HTTP Request: PUT http://localhost:6333/collections/video_evidence/points?wait=true "HTTP/1.1 200 OK"
INFO:httpx:HTTP Request: GET http://localhost:6333/collections "HTTP/1.1 200 OK"
INFO:httpx:HTTP Request: GET http://localhost:6333/collections "HTTP/1.1 200 OK"
INFO:httpx:HTTP Request: PUT http://localhost:6333/collections/video_evidence/points?wait=true "HTTP/1.1 200 OK"
INFO:httpx:HTTP Request: GET http://localhost:6333/collections "HTTP/1.1 200 OK"
INFO:httpx:HTTP Request: GET http://localhost:6333/collections "HTTP/1.1 200 OK"
INFO:httpx:HTTP Request: PUT http://localhost:6333/collections/video_evidence/points?wait=true "HTTP/1.1 200 OK"
INFO:httpx:HTTP Request: GET http://localhost:6333/collections "HTTP/1.1 200 OK"
INFO:httpx:HTTP Request: GET http://localhost:6333/collections "HTTP/1.1 200 OK"
INFO:httpx:HTTP Request: PUT http://localhost:6333/collections/video_evidence/points?wait=true "HTTP/1.1 200 OK"
INFO:httpx:HTTP Request: GET http://localhost:6333/collections "HTTP/1.1 200 OK"
INFO:app.live.video_feeder:Video file feeder started camera=1 file=D:\Github\Generative-Ai\AI Forensic Investigation System\ai-forensic-investigation\backend\data\demo_investigation\videos\demo_video_01_parking_cars.mp4
INFO:app.live.manager:Tracking pipeline started camera=1
INFO:app.vlm.session:VLM session started camera=1
INFO:app.live.manager:VLM session started camera=1
INFO:app.live.manager:Evidence capture started camera=1
INFO:app.live.manager:Detection pipeline started camera=1 transport=file
INFO:httpx:HTTP Request: GET http://localhost:6333/collections "HTTP/1.1 200 OK"
INFO:httpx:HTTP Request: GET http://localhost:6333/collections "HTTP/1.1 200 OK"
INFO:httpx:HTTP Request: PUT http://localhost:6333/collections/video_evidence/points?wait=true "HTTP/1.1 200 OK"
INFO:httpx:HTTP Request: GET http://localhost:6333/collections "HTTP/1.1 200 OK"
INFO:httpx:HTTP Request: GET http://localhost:6333/collections "HTTP/1.1 200 OK"
INFO:httpx:HTTP Request: PUT http://localhost:6333/collections/video_evidence/points?wait=true "HTTP/1.1 200 OK"
INFO:httpx:HTTP Request: GET http://localhost:6333/collections "HTTP/1.1 200 OK"
INFO:httpx:HTTP Request: GET http://localhost:6333/collections "HTTP/1.1 200 OK"
INFO:httpx:HTTP Request: PUT http://localhost:6333/collections/video_evidence/points?wait=true "HTTP/1.1 200 OK"
INFO:httpx:HTTP Request: GET http://localhost:6333/collections "HTTP/1.1 200 OK"
INFO:httpx:HTTP Request: GET http://localhost:6333/collections "HTTP/1.1 200 OK"
INFO:httpx:HTTP Request: PUT http://localhost:6333/collections/video_evidence/points?wait=true "HTTP/1.1 200 OK"
INFO:httpx:HTTP Request: GET http://localhost:6333/collections "HTTP/1.1 200 OK"
INFO:httpx:HTTP Request: GET http://localhost:6333/collections "HTTP/1.1 200 OK"
INFO:httpx:HTTP Request: PUT http://localhost:6333/collections/video_evidence/points?wait=true "HTTP/1.1 200 OK"
INFO:httpx:HTTP Request: GET http://localhost:6333/collections "HTTP/1.1 200 OK"
INFO:httpx:HTTP Request: GET http://localhost:6333/collections "HTTP/1.1 200 OK"
INFO:httpx:HTTP Request: PUT http://localhost:6333/collections/video_evidence/points?wait=true "HTTP/1.1 200 OK"
INFO:httpx:HTTP Request: GET http://localhost:6333/collections "HTTP/1.1 200 OK"
INFO:httpx:HTTP Request: GET http://localhost:6333/collections "HTTP/1.1 200 OK"
INFO:httpx:HTTP Request: PUT http://localhost:6333/collections/video_evidence/points?wait=true "HTTP/1.1 200 OK"
INFO:httpx:HTTP Request: GET http://localhost:6333/collections "HTTP/1.1 200 OK"
INFO:httpx:HTTP Request: GET http://localhost:6333/collections "HTTP/1.1 200 OK"
INFO:httpx:HTTP Request: PUT http://localhost:6333/collections/video_evidence/points?wait=true "HTTP/1.1 200 OK"
INFO:httpx:HTTP Request: GET http://localhost:6333/collections "HTTP/1.1 200 OK"
INFO:httpx:HTTP Request: GET http://localhost:6333/collections "HTTP/1.1 200 OK"
INFO:httpx:HTTP Request: PUT http://localhost:6333/collections/video_evidence/points?wait=true "HTTP/1.1 200 OK"
INFO:httpx:HTTP Request: GET http://localhost:6333/collections "HTTP/1.1 200 OK"
INFO:httpx:HTTP Request: GET http://localhost:6333/collections "HTTP/1.1 200 OK"
INFO:httpx:HTTP Request: PUT http://localhost:6333/collections/video_evidence/points?wait=true "HTTP/1.1 200 OK"
INFO:httpx:HTTP Request: GET http://localhost:6333/collections "HTTP/1.1 200 OK"
INFO:httpx:HTTP Request: GET http://localhost:6333/collections "HTTP/1.1 200 OK"
INFO:httpx:HTTP Request: PUT http://localhost:6333/collections/video_evidence/points?wait=true "HTTP/1.1 200 OK"
INFO:httpx:HTTP Request: GET http://localhost:6333/collections "HTTP/1.1 200 OK"
INFO:httpx:HTTP Request: GET http://localhost:6333/collections "HTTP/1.1 200 OK"
INFO:httpx:HTTP Request: PUT http://localhost:6333/collections/video_evidence/points?wait=true "HTTP/1.1 200 OK"
INFO:httpx:HTTP Request: GET http://localhost:6333/collections "HTTP/1.1 200 OK"
INFO:httpx:HTTP Request: GET http://localhost:6333/collections "HTTP/1.1 200 OK"
INFO:httpx:HTTP Request: PUT http://localhost:6333/collections/video_evidence/points?wait=true "HTTP/1.1 200 OK"
INFO:app.live.video_feeder:Video file feeder stopped camera=1
INFO:app.live.video_feeder:Video file feeder started camera=1 file=D:\Github\Generative-Ai\AI Forensic Investigation System\ai-forensic-investigation\backend\data\demo_investigation\videos\demo_video_01_parking_cars.mp4
INFO:app.live.manager:Tracking pipeline started camera=1
INFO:app.vlm.session:VLM session started camera=1
INFO:app.live.manager:VLM session started camera=1
INFO:app.live.manager:Evidence capture started camera=1
INFO:app.live.manager:Detection pipeline started camera=1 transport=file
INFO:httpx:HTTP Request: GET http://localhost:6333/collections "HTTP/1.1 200 OK"
INFO:httpx:HTTP Request: GET http://localhost:6333/collections "HTTP/1.1 200 OK"
INFO:httpx:HTTP Request: PUT http://localhost:6333/collections/video_evidence/points?wait=true "HTTP/1.1 200 OK"
INFO:httpx:HTTP Request: GET http://localhost:6333/collections "HTTP/1.1 200 OK"
INFO:httpx:HTTP Request: GET http://localhost:6333/collections "HTTP/1.1 200 OK"
INFO:httpx:HTTP Request: PUT http://localhost:6333/collections/video_evidence/points?wait=true "HTTP/1.1 200 OK"
INFO:httpx:HTTP Request: GET http://localhost:6333/collections "HTTP/1.1 200 OK"
INFO:httpx:HTTP Request: GET http://localhost:6333/collections "HTTP/1.1 200 OK"
INFO:httpx:HTTP Request: PUT http://localhost:6333/collections/video_evidence/points?wait=true "HTTP/1.1 200 OK"
INFO:httpx:HTTP Request: GET http://localhost:6333/collections "HTTP/1.1 200 OK"
INFO:httpx:HTTP Request: GET http://localhost:6333/collections "HTTP/1.1 200 OK"
INFO:httpx:HTTP Request: PUT http://localhost:6333/collections/video_evidence/points?wait=true "HTTP/1.1 200 OK"
INFO:app.live.video_feeder:Video file feeder stopped camera=1
INFO:httpx:HTTP Request: GET http://localhost:6333/collections "HTTP/1.1 200 OK"
INFO:app.live.video_feeder:Video file feeder started camera=1 file=D:\Github\Generative-Ai\AI Forensic Investigation System\ai-forensic-investigation\backend\data\demo_investigation\videos\demo_video_01_parking_cars.mp4
INFO:app.live.manager:Tracking pipeline started camera=1
INFO:app.vlm.session:VLM session started camera=1
INFO:app.live.manager:VLM session started camera=1
INFO:app.live.manager:Evidence capture started camera=1
INFO:app.live.manager:Detection pipeline started camera=1 transport=file
INFO:httpx:HTTP Request: GET http://localhost:6333/collections "HTTP/1.1 200 OK"
INFO:httpx:HTTP Request: GET http://localhost:6333/collections "HTTP/1.1 200 OK"
INFO:httpx:HTTP Request: PUT http://localhost:6333/collections/video_evidence/points?wait=true "HTTP/1.1 200 OK"
INFO:httpx:HTTP Request: GET http://localhost:6333/collections "HTTP/1.1 200 OK"
INFO:httpx:HTTP Request: GET http://localhost:6333/collections "HTTP/1.1 200 OK"
INFO:httpx:HTTP Request: PUT http://localhost:6333/collections/video_evidence/points?wait=true "HTTP/1.1 200 OK"
INFO:httpx:HTTP Request: GET http://localhost:6333/collections "HTTP/1.1 200 OK"
INFO:httpx:HTTP Request: GET http://localhost:6333/collections "HTTP/1.1 200 OK"
INFO:httpx:HTTP Request: PUT http://localhost:6333/collections/video_evidence/points?wait=true "HTTP/1.1 200 OK"
INFO:httpx:HTTP Request: GET http://localhost:6333/collections "HTTP/1.1 200 OK"
INFO:httpx:HTTP Request: GET http://localhost:6333/collections "HTTP/1.1 200 OK"
INFO:httpx:HTTP Request: PUT http://localhost:6333/collections/video_evidence/points?wait=true "HTTP/1.1 200 OK"
INFO:httpx:HTTP Request: GET http://localhost:6333/collections "HTTP/1.1 200 OK"
INFO:httpx:HTTP Request: GET http://localhost:6333/collections "HTTP/1.1 200 OK"
INFO:httpx:HTTP Request: PUT http://localhost:6333/collections/video_evidence/points?wait=true "HTTP/1.1 200 OK"
INFO:httpx:HTTP Request: GET http://localhost:6333/collections "HTTP/1.1 200 OK"
INFO:httpx:HTTP Request: GET http://localhost:6333/collections "HTTP/1.1 200 OK"
INFO:httpx:HTTP Request: PUT http://localhost:6333/collections/video_evidence/points?wait=true "HTTP/1.1 200 OK"
INFO:httpx:HTTP Request: GET http://localhost:6333/collections "HTTP/1.1 200 OK"
INFO:httpx:HTTP Request: GET http://localhost:6333/collections "HTTP/1.1 200 OK"
INFO:httpx:HTTP Request: PUT http://localhost:6333/collections/video_evidence/points?wait=true "HTTP/1.1 200 OK"
INFO:httpx:HTTP Request: GET http://localhost:6333/collections "HTTP/1.1 200 OK"
INFO:httpx:HTTP Request: GET http://localhost:6333/collections "HTTP/1.1 200 OK"
INFO:httpx:HTTP Request: PUT http://localhost:6333/collections/video_evidence/points?wait=true "HTTP/1.1 200 OK"
INFO:httpx:HTTP Request: GET http://localhost:6333/collections "HTTP/1.1 200 OK"
INFO:httpx:HTTP Request: GET http://localhost:6333/collections "HTTP/1.1 200 OK"
INFO:httpx:HTTP Request: PUT http://localhost:6333/collections/video_evidence/points?wait=true "HTTP/1.1 200 OK"
INFO:httpx:HTTP Request: GET http://localhost:6333/collections "HTTP/1.1 200 OK"
INFO:httpx:HTTP Request: GET http://localhost:6333/collections "HTTP/1.1 200 OK"
INFO:httpx:HTTP Request: PUT http://localhost:6333/collections/video_evidence/points?wait=true "HTTP/1.1 200 OK"
INFO:httpx:HTTP Request: GET http://localhost:6333/collections "HTTP/1.1 200 OK"
INFO:httpx:HTTP Request: GET http://localhost:6333/collections "HTTP/1.1 200 OK"
INFO:httpx:HTTP Request: PUT http://localhost:6333/collections/video_evidence/points?wait=true "HTTP/1.1 200 OK"
INFO:httpx:HTTP Request: GET http://localhost:6333/collections "HTTP/1.1 200 OK"
INFO:httpx:HTTP Request: GET http://localhost:6333/collections "HTTP/1.1 200 OK"
INFO:httpx:HTTP Request: PUT http://localhost:6333/collections/video_evidence/points?wait=true "HTTP/1.1 200 OK"
INFO:httpx:HTTP Request: GET http://localhost:6333/collections "HTTP/1.1 200 OK"
INFO:httpx:HTTP Request: GET http://localhost:6333/collections "HTTP/1.1 200 OK"
INFO:httpx:HTTP Request: PUT http://localhost:6333/collections/video_evidence/points?wait=true "HTTP/1.1 200 OK"
INFO:app.live.video_feeder:Video file feeder stopped camera=1
INFO:app.live.video_feeder:Video file feeder started camera=1 file=D:\Github\Generative-Ai\AI Forensic Investigation System\ai-forensic-investigation\backend\data\demo_investigation\videos\demo_video_01_parking_cars.mp4
INFO:app.live.manager:Tracking pipeline started camera=1
INFO:app.vlm.session:VLM session started camera=1
INFO:app.live.manager:VLM session started camera=1
INFO:app.live.manager:Evidence capture started camera=1
INFO:app.live.manager:Detection pipeline started camera=1 transport=file
INFO:httpx:HTTP Request: GET http://localhost:6333/collections "HTTP/1.1 200 OK"
INFO:httpx:HTTP Request: GET http://localhost:6333/collections "HTTP/1.1 200 OK"
INFO:httpx:HTTP Request: PUT http://localhost:6333/collections/video_evidence/points?wait=true "HTTP/1.1 200 OK"
INFO:httpx:HTTP Request: GET http://localhost:6333/collections "HTTP/1.1 200 OK"
INFO:httpx:HTTP Request: GET http://localhost:6333/collections "HTTP/1.1 200 OK"
INFO:httpx:HTTP Request: PUT http://localhost:6333/collections/video_evidence/points?wait=true "HTTP/1.1 200 OK"
INFO:httpx:HTTP Request: GET http://localhost:6333/collections "HTTP/1.1 200 OK"
INFO:httpx:HTTP Request: GET http://localhost:6333/collections "HTTP/1.1 200 OK"
INFO:httpx:HTTP Request: PUT http://localhost:6333/collections/video_evidence/points?wait=true "HTTP/1.1 200 OK"
INFO:httpx:HTTP Request: GET http://localhost:6333/collections "HTTP/1.1 200 OK"
INFO:httpx:HTTP Request: GET http://localhost:6333/collections "HTTP/1.1 200 OK"
INFO:httpx:HTTP Request: PUT http://localhost:6333/collections/video_evidence/points?wait=true "HTTP/1.1 200 OK"
INFO:app.live.video_feeder:Video file feeder stopped camera=1
INFO:httpx:HTTP Request: GET http://localhost:6333/collections "HTTP/1.1 200 OK"
INFO:app.live.video_feeder:Video file feeder started camera=1 file=D:\Github\Generative-Ai\AI Forensic Investigation System\ai-forensic-investigation\backend\data\demo_investigation\videos\demo_video_01_parking_cars.mp4
INFO:app.live.manager:Tracking pipeline started camera=1
INFO:app.vlm.session:VLM session started camera=1
INFO:app.live.manager:VLM session started camera=1
INFO:app.live.manager:Evidence capture started camera=1
INFO:app.live.manager:Detection pipeline started camera=1 transport=file
INFO:httpx:HTTP Request: GET http://localhost:6333/collections "HTTP/1.1 200 OK"
INFO:httpx:HTTP Request: GET http://localhost:6333/collections "HTTP/1.1 200 OK"
INFO:httpx:HTTP Request: PUT http://localhost:6333/collections/video_evidence/points?wait=true "HTTP/1.1 200 OK"
INFO:httpx:HTTP Request: GET http://localhost:6333/collections "HTTP/1.1 200 OK"
INFO:httpx:HTTP Request: GET http://localhost:6333/collections "HTTP/1.1 200 OK"
INFO:httpx:HTTP Request: PUT http://localhost:6333/collections/video_evidence/points?wait=true "HTTP/1.1 200 OK"
INFO:httpx:HTTP Request: GET http://localhost:6333/collections "HTTP/1.1 200 OK"
INFO:httpx:HTTP Request: GET http://localhost:6333/collections "HTTP/1.1 200 OK"
INFO:httpx:HTTP Request: PUT http://localhost:6333/collections/video_evidence/points?wait=true "HTTP/1.1 200 OK"
INFO:httpx:HTTP Request: GET http://localhost:6333/collections "HTTP/1.1 200 OK"
INFO:httpx:HTTP Request: GET http://localhost:6333/collections "HTTP/1.1 200 OK"
INFO:httpx:HTTP Request: PUT http://localhost:6333/collections/video_evidence/points?wait=true "HTTP/1.1 200 OK"
INFO:httpx:HTTP Request: GET http://localhost:6333/collections "HTTP/1.1 200 OK"
INFO:httpx:HTTP Request: GET http://localhost:6333/collections "HTTP/1.1 200 OK"
INFO:httpx:HTTP Request: PUT http://localhost:6333/collections/video_evidence/points?wait=true "HTTP/1.1 200 OK"
INFO:httpx:HTTP Request: GET http://localhost:6333/collections "HTTP/1.1 200 OK"
INFO:httpx:HTTP Request: GET http://localhost:6333/collections "HTTP/1.1 200 OK"
INFO:httpx:HTTP Request: PUT http://localhost:6333/collections/video_evidence/points?wait=true "HTTP/1.1 200 OK"
INFO:httpx:HTTP Request: GET http://localhost:6333/collections "HTTP/1.1 200 OK"
INFO:httpx:HTTP Request: GET http://localhost:6333/collections "HTTP/1.1 200 OK"
INFO:httpx:HTTP Request: PUT http://localhost:6333/collections/video_evidence/points?wait=true "HTTP/1.1 200 OK"
INFO:httpx:HTTP Request: GET http://localhost:6333/collections "HTTP/1.1 200 OK"
INFO:httpx:HTTP Request: GET http://localhost:6333/collections "HTTP/1.1 200 OK"
INFO:httpx:HTTP Request: PUT http://localhost:6333/collections/video_evidence/points?wait=true "HTTP/1.1 200 OK"
INFO:httpx:HTTP Request: GET http://localhost:6333/collections "HTTP/1.1 200 OK"
INFO:httpx:HTTP Request: GET http://localhost:6333/collections "HTTP/1.1 200 OK"
INFO:httpx:HTTP Request: PUT http://localhost:6333/collections/video_evidence/points?wait=true "HTTP/1.1 200 OK"
INFO:httpx:HTTP Request: GET http://localhost:6333/collections "HTTP/1.1 200 OK"
INFO:httpx:HTTP Request: GET http://localhost:6333/collections "HTTP/1.1 200 OK"
INFO:httpx:HTTP Request: PUT http://localhost:6333/collections/video_evidence/points?wait=true "HTTP/1.1 200 OK"
INFO:httpx:HTTP Request: GET http://localhost:6333/collections "HTTP/1.1 200 OK"
INFO:httpx:HTTP Request: GET http://localhost:6333/collections "HTTP/1.1 200 OK"
INFO:httpx:HTTP Request: PUT http://localhost:6333/collections/video_evidence/points?wait=true "HTTP/1.1 200 OK"
INFO:app.live.video_feeder:Video file feeder stopped camera=1
INFO:httpx:HTTP Request: GET http://localhost:6333/collections "HTTP/1.1 200 OK"
INFO:httpx:HTTP Request: GET http://localhost:6333/collections "HTTP/1.1 200 OK"
INFO:httpx:HTTP Request: PUT http://localhost:6333/collections/video_evidence/points?wait=true "HTTP/1.1 200 OK"
INFO:app.live.video_feeder:Video file feeder started camera=1 file=D:\Github\Generative-Ai\AI Forensic Investigation System\ai-forensic-investigation\backend\data\demo_investigation\videos\demo_video_01_parking_cars.mp4
INFO:app.live.manager:Tracking pipeline started camera=1
INFO:app.vlm.session:VLM session started camera=1
INFO:app.live.manager:VLM session started camera=1
INFO:app.live.manager:Evidence capture started camera=1
INFO:app.live.manager:Detection pipeline started camera=1 transport=file
INFO:httpx:HTTP Request: GET http://localhost:6333/collections "HTTP/1.1 200 OK"
INFO:httpx:HTTP Request: GET http://localhost:6333/collections "HTTP/1.1 200 OK"
INFO:httpx:HTTP Request: PUT http://localhost:6333/collections/video_evidence/points?wait=true "HTTP/1.1 200 OK"
INFO:httpx:HTTP Request: GET http://localhost:6333/collections "HTTP/1.1 200 OK"
INFO:httpx:HTTP Request: GET http://localhost:6333/collections "HTTP/1.1 200 OK"
INFO:httpx:HTTP Request: PUT http://localhost:6333/collections/video_evidence/points?wait=true "HTTP/1.1 200 OK"
INFO:httpx:HTTP Request: GET http://localhost:6333/collections "HTTP/1.1 200 OK"
INFO:httpx:HTTP Request: GET http://localhost:6333/collections "HTTP/1.1 200 OK"
INFO:httpx:HTTP Request: PUT http://localhost:6333/collections/video_evidence/points?wait=true "HTTP/1.1 200 OK"
INFO:httpx:HTTP Request: GET http://localhost:6333/collections "HTTP/1.1 200 OK"
INFO:httpx:HTTP Request: GET http://localhost:6333/collections "HTTP/1.1 200 OK"
INFO:httpx:HTTP Request: PUT http://localhost:6333/collections/video_evidence/points?wait=true "HTTP/1.1 200 OK"
INFO:app.live.video_feeder:Video file feeder stopped camera=1
INFO:httpx:HTTP Request: GET http://localhost:6333/collections "HTTP/1.1 200 OK"
INFO:httpx:HTTP Request: GET http://localhost:6333/collections "HTTP/1.1 200 OK"
INFO:httpx:HTTP Request: POST http://localhost:6333/collections/video_evidence/points/search "HTTP/1.1 200 OK"
INFO:httpx:HTTP Request: GET http://localhost:6333/collections "HTTP/1.1 200 OK"
INFO:httpx:HTTP Request: GET http://localhost:6333/collections "HTTP/1.1 200 OK"
INFO:httpx:HTTP Request: POST http://localhost:6333/collections/video_evidence/points/search "HTTP/1.1 200 OK"
INFO:httpx:HTTP Request: GET http://localhost:6333/collections "HTTP/1.1 200 OK"
INFO:app.live.video_feeder:Video file feeder started camera=1 file=D:\Github\Generative-Ai\AI Forensic Investigation System\ai-forensic-investigation\backend\data\demo_investigation\videos\demo_video_01_parking_cars.mp4
INFO:app.live.manager:Tracking pipeline started camera=1
INFO:app.vlm.session:VLM session started camera=1
INFO:app.live.manager:VLM session started camera=1
INFO:app.live.manager:Evidence capture started camera=1
INFO:app.live.manager:Detection pipeline started camera=1 transport=file
INFO:httpx:HTTP Request: GET http://localhost:6333/collections "HTTP/1.1 200 OK"
INFO:httpx:HTTP Request: GET http://localhost:6333/collections "HTTP/1.1 200 OK"
INFO:httpx:HTTP Request: PUT http://localhost:6333/collections/video_evidence/points?wait=true "HTTP/1.1 200 OK"
INFO:httpx:HTTP Request: GET http://localhost:6333/collections "HTTP/1.1 200 OK"
INFO:httpx:HTTP Request: GET http://localhost:6333/collections "HTTP/1.1 200 OK"
INFO:httpx:HTTP Request: PUT http://localhost:6333/collections/video_evidence/points?wait=true "HTTP/1.1 200 OK"
INFO:httpx:HTTP Request: GET http://localhost:6333/collections "HTTP/1.1 200 OK"
INFO:httpx:HTTP Request: GET http://localhost:6333/collections "HTTP/1.1 200 OK"
INFO:httpx:HTTP Request: PUT http://localhost:6333/collections/video_evidence/points?wait=true "HTTP/1.1 200 OK"
INFO:httpx:HTTP Request: GET http://localhost:6333/collections "HTTP/1.1 200 OK"
INFO:httpx:HTTP Request: GET http://localhost:6333/collections "HTTP/1.1 200 OK"
INFO:httpx:HTTP Request: PUT http://localhost:6333/collections/video_evidence/points?wait=true "HTTP/1.1 200 OK"
INFO:httpx:HTTP Request: GET http://localhost:6333/collections "HTTP/1.1 200 OK"
INFO:httpx:HTTP Request: GET http://localhost:6333/collections "HTTP/1.1 200 OK"
INFO:httpx:HTTP Request: PUT http://localhost:6333/collections/video_evidence/points?wait=true "HTTP/1.1 200 OK"
INFO:httpx:HTTP Request: GET http://localhost:6333/collections "HTTP/1.1 200 OK"
INFO:httpx:HTTP Request: GET http://localhost:6333/collections "HTTP/1.1 200 OK"
INFO:httpx:HTTP Request: PUT http://localhost:6333/collections/video_evidence/points?wait=true "HTTP/1.1 200 OK"
INFO:httpx:HTTP Request: GET http://localhost:6333/collections "HTTP/1.1 200 OK"
INFO:httpx:HTTP Request: GET http://localhost:6333/collections "HTTP/1.1 200 OK"
INFO:httpx:HTTP Request: PUT http://localhost:6333/collections/video_evidence/points?wait=true "HTTP/1.1 200 OK"
INFO:httpx:HTTP Request: GET http://localhost:6333/collections "HTTP/1.1 200 OK"
INFO:httpx:HTTP Request: GET http://localhost:6333/collections "HTTP/1.1 200 OK"
INFO:httpx:HTTP Request: PUT http://localhost:6333/collections/video_evidence/points?wait=true "HTTP/1.1 200 OK"
INFO:httpx:HTTP Request: GET http://localhost:6333/collections "HTTP/1.1 200 OK"
INFO:httpx:HTTP Request: GET http://localhost:6333/collections "HTTP/1.1 200 OK"
INFO:httpx:HTTP Request: PUT http://localhost:6333/collections/video_evidence/points?wait=true "HTTP/1.1 200 OK"
INFO:httpx:HTTP Request: GET http://localhost:6333/collections "HTTP/1.1 200 OK"
INFO:httpx:HTTP Request: GET http://localhost:6333/collections "HTTP/1.1 200 OK"
INFO:httpx:HTTP Request: PUT http://localhost:6333/collections/video_evidence/points?wait=true "HTTP/1.1 200 OK"
INFO:httpx:HTTP Request: GET http://localhost:6333/collections "HTTP/1.1 200 OK"
INFO:httpx:HTTP Request: GET http://localhost:6333/collections "HTTP/1.1 200 OK"
INFO:httpx:HTTP Request: PUT http://localhost:6333/collections/video_evidence/points?wait=true "HTTP/1.1 200 OK"
INFO:httpx:HTTP Request: GET http://localhost:6333/collections "HTTP/1.1 200 OK"
INFO:httpx:HTTP Request: GET http://localhost:6333/collections "HTTP/1.1 200 OK"
INFO:httpx:HTTP Request: PUT http://localhost:6333/collections/video_evidence/points?wait=true "HTTP/1.1 200 OK"
INFO:httpx:HTTP Request: GET http://localhost:6333/collections "HTTP/1.1 200 OK"
INFO:httpx:HTTP Request: GET http://localhost:6333/collections "HTTP/1.1 200 OK"
INFO:app.live.video_feeder:Video file feeder stopped camera=1
INFO:httpx:HTTP Request: PUT http://localhost:6333/collections/video_evidence/points?wait=true "HTTP/1.1 200 OK"
INFO:app.live.video_feeder:Video file feeder started camera=1 file=D:\Github\Generative-Ai\AI Forensic Investigation System\ai-forensic-investigation\backend\data\demo_investigation\videos\demo_video_01_parking_cars.mp4
INFO:app.live.manager:Tracking pipeline started camera=1
INFO:app.vlm.session:VLM session started camera=1
INFO:app.live.manager:VLM session started camera=1
INFO:app.live.manager:Evidence capture started camera=1
INFO:app.live.manager:Detection pipeline started camera=1 transport=file
INFO:httpx:HTTP Request: GET http://localhost:6333/collections "HTTP/1.1 200 OK"
INFO:httpx:HTTP Request: GET http://localhost:6333/collections "HTTP/1.1 200 OK"
INFO:httpx:HTTP Request: PUT http://localhost:6333/collections/video_evidence/points?wait=true "HTTP/1.1 200 OK"
INFO:httpx:HTTP Request: GET http://localhost:6333/collections "HTTP/1.1 200 OK"
INFO:httpx:HTTP Request: GET http://localhost:6333/collections "HTTP/1.1 200 OK"
INFO:httpx:HTTP Request: PUT http://localhost:6333/collections/video_evidence/points?wait=true "HTTP/1.1 200 OK"
INFO:httpx:HTTP Request: GET http://localhost:6333/collections "HTTP/1.1 200 OK"
INFO:httpx:HTTP Request: GET http://localhost:6333/collections "HTTP/1.1 200 OK"
INFO:httpx:HTTP Request: PUT http://localhost:6333/collections/video_evidence/points?wait=true "HTTP/1.1 200 OK"
INFO:httpx:HTTP Request: GET http://localhost:6333/collections "HTTP/1.1 200 OK"
INFO:httpx:HTTP Request: GET http://localhost:6333/collections "HTTP/1.1 200 OK"
INFO:httpx:HTTP Request: PUT http://localhost:6333/collections/video_evidence/points?wait=true "HTTP/1.1 200 OK"
INFO:app.live.video_feeder:Video file feeder stopped camera=1
INFO:httpx:HTTP Request: GET http://localhost:6333/collections "HTTP/1.1 200 OK"
INFO:httpx:HTTP Request: GET http://localhost:6333/collections "HTTP/1.1 200 OK"
INFO:httpx:HTTP Request: POST http://localhost:6333/collections/video_evidence/points/search "HTTP/1.1 200 OK"
INFO:httpx:HTTP Request: GET http://localhost:6333/collections "HTTP/1.1 200 OK"
INFO:httpx:HTTP Request: GET http://localhost:6333/collections "HTTP/1.1 200 OK"
INFO:httpx:HTTP Request: POST http://localhost:6333/collections/video_evidence/points/search "HTTP/1.1 200 OK"
INFO:httpx:HTTP Request: GET http://localhost:6333/collections "HTTP/1.1 200 OK"
INFO:app.live.video_feeder:Video file feeder started camera=1 file=D:\Github\Generative-Ai\AI Forensic Investigation System\ai-forensic-investigation\backend\data\demo_investigation\videos\demo_video_01_parking_cars.mp4
INFO:app.live.manager:Tracking pipeline started camera=1
INFO:app.vlm.session:VLM session started camera=1
INFO:app.live.manager:VLM session started camera=1
INFO:app.live.manager:Evidence capture started camera=1
INFO:app.live.manager:Detection pipeline started camera=1 transport=file
INFO:httpx:HTTP Request: GET http://localhost:6333/collections "HTTP/1.1 200 OK"
INFO:httpx:HTTP Request: GET http://localhost:6333/collections "HTTP/1.1 200 OK"
INFO:httpx:HTTP Request: PUT http://localhost:6333/collections/video_evidence/points?wait=true "HTTP/1.1 200 OK"
INFO:httpx:HTTP Request: GET http://localhost:6333/collections "HTTP/1.1 200 OK"
INFO:httpx:HTTP Request: GET http://localhost:6333/collections "HTTP/1.1 200 OK"
INFO:httpx:HTTP Request: PUT http://localhost:6333/collections/video_evidence/points?wait=true "HTTP/1.1 200 OK"
INFO:httpx:HTTP Request: GET http://localhost:6333/collections "HTTP/1.1 200 OK"
INFO:httpx:HTTP Request: GET http://localhost:6333/collections "HTTP/1.1 200 OK"
INFO:httpx:HTTP Request: PUT http://localhost:6333/collections/video_evidence/points?wait=true "HTTP/1.1 200 OK"
INFO:httpx:HTTP Request: GET http://localhost:6333/collections "HTTP/1.1 200 OK"
INFO:httpx:HTTP Request: GET http://localhost:6333/collections "HTTP/1.1 200 OK"
INFO:httpx:HTTP Request: PUT http://localhost:6333/collections/video_evidence/points?wait=true "HTTP/1.1 200 OK"
INFO:httpx:HTTP Request: GET http://localhost:6333/collections "HTTP/1.1 200 OK"
INFO:httpx:HTTP Request: GET http://localhost:6333/collections "HTTP/1.1 200 OK"
INFO:httpx:HTTP Request: PUT http://localhost:6333/collections/video_evidence/points?wait=true "HTTP/1.1 200 OK"
INFO:httpx:HTTP Request: GET http://localhost:6333/collections "HTTP/1.1 200 OK"
INFO:httpx:HTTP Request: GET http://localhost:6333/collections "HTTP/1.1 200 OK"
INFO:httpx:HTTP Request: PUT http://localhost:6333/collections/video_evidence/points?wait=true "HTTP/1.1 200 OK"
INFO:httpx:HTTP Request: GET http://localhost:6333/collections "HTTP/1.1 200 OK"
INFO:httpx:HTTP Request: GET http://localhost:6333/collections "HTTP/1.1 200 OK"
INFO:httpx:HTTP Request: PUT http://localhost:6333/collections/video_evidence/points?wait=true "HTTP/1.1 200 OK"
INFO:httpx:HTTP Request: GET http://localhost:6333/collections "HTTP/1.1 200 OK"
INFO:httpx:HTTP Request: GET http://localhost:6333/collections "HTTP/1.1 200 OK"
INFO:httpx:HTTP Request: PUT http://localhost:6333/collections/video_evidence/points?wait=true "HTTP/1.1 200 OK"
INFO:httpx:HTTP Request: GET http://localhost:6333/collections "HTTP/1.1 200 OK"
INFO:httpx:HTTP Request: GET http://localhost:6333/collections "HTTP/1.1 200 OK"
INFO:httpx:HTTP Request: PUT http://localhost:6333/collections/video_evidence/points?wait=true "HTTP/1.1 200 OK"
INFO:httpx:HTTP Request: GET http://localhost:6333/collections "HTTP/1.1 200 OK"
INFO:httpx:HTTP Request: GET http://localhost:6333/collections "HTTP/1.1 200 OK"
INFO:httpx:HTTP Request: PUT http://localhost:6333/collections/video_evidence/points?wait=true "HTTP/1.1 200 OK"
INFO:httpx:HTTP Request: GET http://localhost:6333/collections "HTTP/1.1 200 OK"
INFO:httpx:HTTP Request: GET http://localhost:6333/collections "HTTP/1.1 200 OK"
INFO:httpx:HTTP Request: PUT http://localhost:6333/collections/video_evidence/points?wait=true "HTTP/1.1 200 OK"
INFO:httpx:HTTP Request: GET http://localhost:6333/collections "HTTP/1.1 200 OK"
INFO:httpx:HTTP Request: GET http://localhost:6333/collections "HTTP/1.1 200 OK"
INFO:httpx:HTTP Request: PUT http://localhost:6333/collections/video_evidence/points?wait=true "HTTP/1.1 200 OK"
INFO:app.live.video_feeder:Video file feeder stopped camera=1
INFO:httpx:HTTP Request: GET http://localhost:6333/collections "HTTP/1.1 200 OK"
INFO:httpx:HTTP Request: GET http://localhost:6333/collections "HTTP/1.1 200 OK"
INFO:httpx:HTTP Request: PUT http://localhost:6333/collections/video_evidence/points?wait=true "HTTP/1.1 200 OK"
INFO:app.live.video_feeder:Video file feeder started camera=1 file=D:\Github\Generative-Ai\AI Forensic Investigation System\ai-forensic-investigation\backend\data\demo_investigation\videos\demo_video_01_parking_cars.mp4
INFO:app.live.manager:Tracking pipeline started camera=1
INFO:app.vlm.session:VLM session started camera=1
INFO:app.live.manager:VLM session started camera=1
INFO:app.live.manager:Evidence capture started camera=1
INFO:app.live.manager:Detection pipeline started camera=1 transport=file
INFO:httpx:HTTP Request: GET http://localhost:6333/collections "HTTP/1.1 200 OK"
INFO:httpx:HTTP Request: GET http://localhost:6333/collections "HTTP/1.1 200 OK"
INFO:httpx:HTTP Request: PUT http://localhost:6333/collections/video_evidence/points?wait=true "HTTP/1.1 200 OK"
INFO:httpx:HTTP Request: GET http://localhost:6333/collections "HTTP/1.1 200 OK"
INFO:httpx:HTTP Request: GET http://localhost:6333/collections "HTTP/1.1 200 OK"
INFO:httpx:HTTP Request: PUT http://localhost:6333/collections/video_evidence/points?wait=true "HTTP/1.1 200 OK"
INFO:httpx:HTTP Request: GET http://localhost:6333/collections "HTTP/1.1 200 OK"
INFO:httpx:HTTP Request: GET http://localhost:6333/collections "HTTP/1.1 200 OK"
INFO:httpx:HTTP Request: PUT http://localhost:6333/collections/video_evidence/points?wait=true "HTTP/1.1 200 OK"
INFO:httpx:HTTP Request: GET http://localhost:6333/collections "HTTP/1.1 200 OK"
INFO:httpx:HTTP Request: GET http://localhost:6333/collections "HTTP/1.1 200 OK"
INFO:httpx:HTTP Request: PUT http://localhost:6333/collections/video_evidence/points?wait=true "HTTP/1.1 200 OK"
INFO:app.live.video_feeder:Video file feeder stopped camera=1
INFO:httpx:HTTP Request: GET http://localhost:6333/collections "HTTP/1.1 200 OK"
INFO:httpx:HTTP Request: GET http://localhost:6333/collections "HTTP/1.1 200 OK"
INFO:httpx:HTTP Request: POST http://localhost:6333/collections/video_evidence/points/search "HTTP/1.1 200 OK"
INFO:httpx:HTTP Request: GET http://localhost:6333/collections "HTTP/1.1 200 OK"
INFO:httpx:HTTP Request: GET http://localhost:6333/collections "HTTP/1.1 200 OK"
INFO:httpx:HTTP Request: POST http://localhost:6333/collections/video_evidence/points/search "HTTP/1.1 200 OK"
INFO:httpx:HTTP Request: GET http://localhost:6333/collections "HTTP/1.1 200 OK"
INFO:httpx:HTTP Request: GET http://localhost:6333/collections "HTTP/1.1 200 OK"
INFO:httpx:HTTP Request: GET http://localhost:6333/collections "HTTP/1.1 200 OK"
